#
# There is insufficient memory for the Java Runtime Environment to continue.
# Native memory allocation (malloc) failed to allocate 1558848 bytes. Error detail: Chunk::new
# Possible reasons:
#   The system is out of physical RAM or swap space
#   This process is running with CompressedOops enabled, and the Java Heap may be blocking the growth of the native heap
# Possible solutions:
#   Reduce memory load on the system
#   Increase physical memory or swap space
#   Check if swap backing store is full
#   Decrease Java heap size (-Xmx/-Xms)
#   Decrease number of Java threads
#   Decrease Java thread stack sizes (-Xss)
#   Set larger code cache with -XX:ReservedCodeCacheSize=
#   JVM is running with Unscaled Compressed Oops mode in which the Java heap is
#     placed in the first 4GB address space. The Java Heap base address is the
#     maximum limit for the native heap growth. Please use -XX:HeapBaseMinAddress
#     to set the Java Heap base and to place the Java Heap above 4GB virtual address.
# This output file may be truncated or incomplete.
#
#  Out of Memory Error (arena.cpp:168), pid=13696, tid=24300
#
# JRE version: OpenJDK Runtime Environment Temurin-21.0.11+10 (21.0.11+10) (build 21.0.11+10-LTS)
# Java VM: OpenJDK 64-Bit Server VM Temurin-21.0.11+10 (21.0.11+10-LTS, mixed mode, sharing, tiered, compressed oops, compressed class ptrs, parallel gc, windows-amd64)
# No core dump will be written. Minidumps are not enabled by default on client versions of Windows
#

---------------  S U M M A R Y ------------

Command Line: --add-modules=ALL-SYSTEM --add-opens=java.base/java.util=ALL-UNNAMED --add-opens=java.base/java.lang=ALL-UNNAMED --add-opens=java.base/sun.nio.fs=ALL-UNNAMED -Declipse.application=org.eclipse.jdt.ls.core.id1 -Dosgi.bundles.defaultStartLevel=4 -Declipse.product=org.eclipse.jdt.ls.core.product -Djava.import.generatesMetadataFilesAtProjectRoot=false -DDetectVMInstallationsJob.disabled=true -Dfile.encoding=utf8 -XX:+UseParallelGC -XX:GCTimeRatio=4 -XX:AdaptiveSizePolicyWeight=90 -Dsun.zip.disableMemoryMapping=true -Xmx2G -Xms100m -Xlog:disable -javaagent:c:\Users\theab\.vscode\extensions\redhat.java-1.55.0-win32-x64\lombok\lombok-1.18.39-4050.jar -XX:+HeapDumpOnOutOfMemoryError -XX:HeapDumpPath=c:\Users\theab\AppData\Roaming\Code\User\workspaceStorage\cc3b7c361b40eb0a62fb27a00c96c1aa\redhat.java -Daether.dependencyCollector.impl=bf c:\Users\theab\.vscode\extensions\redhat.java-1.55.0-win32-x64\server\plugins\org.eclipse.equinox.launcher_1.7.200.v20260619-2039.jar -configuration c:\Users\theab\AppData\Roaming\Code\User\globalStorage\redhat.java\1.55.0\config_win -data c:\Users\theab\AppData\Roaming\Code\User\workspaceStorage\cc3b7c361b40eb0a62fb27a00c96c1aa\redhat.java\jdt_ws --pipe=\\.\pipe\lsp-870c758d1cdcfecdb3c5be96bef79744-sock

Host: 12th Gen Intel(R) Core(TM) i7-1255U, 12 cores, 15G,  Windows 11 , 64 bit Build 26100 (10.0.26100.8521)
Time: Sun Jul 12 14:51:17 2026 India Standard Time elapsed time: 77.125776 seconds (0d 0h 1m 17s)

---------------  T H R E A D  ---------------

Current thread (0x000001af0b298ef0):  JavaThread "C2 CompilerThread0" daemon [_thread_in_native, id=24300, stack(0x0000005b9fc00000,0x0000005b9fd00000) (1024K)]


Current CompileTask:
C2:77125 14272       4       org.lombokweb.asm.ClassReader::readMethod (1070 bytes)

Stack: [0x0000005b9fc00000,0x0000005b9fd00000]
Native frames: (J=compiled Java code, j=interpreted, Vv=VM code, C=native code)
V  [jvm.dll+0x6d7e19]
V  [jvm.dll+0x8b5096]
V  [jvm.dll+0x8b764e]
V  [jvm.dll+0x8b7d33]
V  [jvm.dll+0x284596]
V  [jvm.dll+0xc685d]
V  [jvm.dll+0xc6da1]
V  [jvm.dll+0x3bed6b]
V  [jvm.dll+0x1e4149]
V  [jvm.dll+0x24c853]
V  [jvm.dll+0x24bce0]
V  [jvm.dll+0x1cb4ae]
V  [jvm.dll+0x25baad]
V  [jvm.dll+0x25a03a]
V  [jvm.dll+0x3f868e]
V  [jvm.dll+0x85fb0d]
V  [jvm.dll+0x6d664d]
C  [ucrtbase.dll+0x2cd30]
C  [KERNEL32.DLL+0x2e957]
C  [ntdll.dll+0x87c1c]


---------------  P R O C E S S  ---------------

Threads class SMR info:
_java_thread_list=0x000001af72873c40, length=101, elements={
0x000001af0b1ded50, 0x000001af0b18e540, 0x000001af0b285230, 0x000001af0b287240,
0x000001af0b28a160, 0x000001af0b28f3f0, 0x000001af0b294520, 0x000001af0b298ef0,
0x000001af0b29c810, 0x000001af641f5890, 0x000001af64277040, 0x000001af69778020,
0x000001af698659b0, 0x000001af69889130, 0x000001af69a92b30, 0x000001af6a031980,
0x000001af6a1ccaa0, 0x000001af64189650, 0x000001af63f6df20, 0x000001af63f6c4e0,
0x000001af63f6e5b0, 0x000001af63f6cb70, 0x000001af63f6d200, 0x000001af63f6ec40,
0x000001af63f6b7c0, 0x000001af63f6d890, 0x000001af63f6be50, 0x000001af6a79d6b0,
0x000001af6a79a230, 0x000001af6a79dd40, 0x000001af6a79a8c0, 0x000001af6a79e3d0,
0x000001af6a79c300, 0x000001af6a79bc70, 0x000001af6a79af50, 0x000001af6a79c990,
0x000001af6a79ea60, 0x000001af6a79d020, 0x000001af6a79b5e0, 0x000001af6a7a1850,
0x000001af6a79f780, 0x000001af6a7a04a0, 0x000001af6deb5050, 0x000001af6deb49c0,
0x000001af6dacc840, 0x000001af6dac9a50, 0x000001af6dacb490, 0x000001af6daca770,
0x000001af6dacae00, 0x000001af6dacced0, 0x000001af6a5a97b0, 0x000001af6a5a9120,
0x000001af6a5a7050, 0x000001af6a5a8a90, 0x000001af6a5a6330, 0x000001af6a5a69c0,
0x000001af6a5a76e0, 0x000001af6a5a7d70, 0x000001af6a5aab60, 0x000001af6a5a9e40,
0x000001af6a5aa4d0, 0x000001af6a5ab1f0, 0x000001af6a5ab880, 0x000001af6a5a8400,
0x000001af6a5abf10, 0x000001af6a5ac5a0, 0x000001af6a5acc30, 0x000001af6a5ad2c0,
0x000001af6a5ad950, 0x000001af6ace4f40, 0x000001af6ace7010, 0x000001af6ace55d0,
0x000001af6ace62f0, 0x000001af6ace3b90, 0x000001af6ace76a0, 0x000001af6ace4220,
0x000001af6ace9770, 0x000001af6aceb1b0, 0x000001af6ace8a50, 0x000001af6ace90e0,
0x000001af6acea490, 0x000001af6ace7d30, 0x000001af6aceab20, 0x000001af6ace83c0,
0x000001af6e28beb0, 0x000001af6ace9e00, 0x000001af6d26f340, 0x000001af6d26bec0,
0x000001af6d26c550, 0x000001af6d26d270, 0x000001af6d26cbe0, 0x000001af6d26f9d0,
0x000001af6d26df90, 0x000001af6d270060, 0x000001af6d26d900, 0x000001af6d2706f0,
0x000001af6d270d80, 0x000001af6d271410, 0x000001af6d271aa0, 0x000001af69d68f50,
0x000001af6d26ecb0
}

Java Threads: ( => current thread )
  0x000001af0b1ded50 JavaThread "main"                              [_thread_blocked, id=27504, stack(0x0000005b9f200000,0x0000005b9f300000) (1024K)]
  0x000001af0b18e540 JavaThread "Reference Handler"          daemon [_thread_blocked, id=4656, stack(0x0000005b9f600000,0x0000005b9f700000) (1024K)]
  0x000001af0b285230 JavaThread "Finalizer"                  daemon [_thread_blocked, id=11940, stack(0x0000005b9f700000,0x0000005b9f800000) (1024K)]
  0x000001af0b287240 JavaThread "Signal Dispatcher"          daemon [_thread_blocked, id=25912, stack(0x0000005b9f800000,0x0000005b9f900000) (1024K)]
  0x000001af0b28a160 JavaThread "Attach Listener"            daemon [_thread_blocked, id=1192, stack(0x0000005b9f900000,0x0000005b9fa00000) (1024K)]
  0x000001af0b28f3f0 JavaThread "Service Thread"             daemon [_thread_blocked, id=21332, stack(0x0000005b9fa00000,0x0000005b9fb00000) (1024K)]
  0x000001af0b294520 JavaThread "Monitor Deflation Thread"   daemon [_thread_blocked, id=10704, stack(0x0000005b9fb00000,0x0000005b9fc00000) (1024K)]
=>0x000001af0b298ef0 JavaThread "C2 CompilerThread0"         daemon [_thread_in_native, id=24300, stack(0x0000005b9fc00000,0x0000005b9fd00000) (1024K)]
  0x000001af0b29c810 JavaThread "C1 CompilerThread0"         daemon [_thread_blocked, id=21164, stack(0x0000005b9fd00000,0x0000005b9fe00000) (1024K)]
  0x000001af641f5890 JavaThread "Common-Cleaner"             daemon [_thread_blocked, id=5524, stack(0x0000005b9ff00000,0x0000005ba0000000) (1024K)]
  0x000001af64277040 JavaThread "Notification Thread"        daemon [_thread_blocked, id=11724, stack(0x0000005ba0000000,0x0000005ba0100000) (1024K)]
  0x000001af69778020 JavaThread "Active Thread: Equinox Container: 7a62b58b-b37b-43d5-b299-00a1d93e9716"        [_thread_blocked, id=24240, stack(0x0000005ba0800000,0x0000005ba0900000) (1024K)]
  0x000001af698659b0 JavaThread "Refresh Thread: Equinox Container: 7a62b58b-b37b-43d5-b299-00a1d93e9716" daemon [_thread_blocked, id=22968, stack(0x0000005ba0a00000,0x0000005ba0b00000) (1024K)]
  0x000001af69889130 JavaThread "Framework Event Dispatcher: Equinox Container: 7a62b58b-b37b-43d5-b299-00a1d93e9716" daemon [_thread_blocked, id=28516, stack(0x0000005b9fe00000,0x0000005b9ff00000) (1024K)]
  0x000001af69a92b30 JavaThread "Start Level: Equinox Container: 7a62b58b-b37b-43d5-b299-00a1d93e9716" daemon [_thread_blocked, id=27644, stack(0x0000005ba0700000,0x0000005ba0800000) (1024K)]
  0x000001af6a031980 JavaThread "Bundle File Closer"         daemon [_thread_blocked, id=22404, stack(0x0000005ba0f00000,0x0000005ba1000000) (1024K)]
  0x000001af6a1ccaa0 JavaThread "SCR Component Actor"        daemon [_thread_blocked, id=10208, stack(0x0000005ba0b00000,0x0000005ba0c00000) (1024K)]
  0x000001af64189650 JavaThread "Worker-JM"                         [_thread_blocked, id=30888, stack(0x0000005ba1100000,0x0000005ba1200000) (1024K)]
  0x000001af63f6df20 JavaThread "Worker-0"                          [_thread_blocked, id=29164, stack(0x0000005ba1000000,0x0000005ba1100000) (1024K)]
  0x000001af63f6c4e0 JavaThread "Worker-1"                          [_thread_blocked, id=7156, stack(0x0000005ba1200000,0x0000005ba1300000) (1024K)]
  0x000001af63f6e5b0 JavaThread "Java indexing"              daemon [_thread_blocked, id=19144, stack(0x0000005ba1300000,0x0000005ba1400000) (1024K)]
  0x000001af63f6cb70 JavaThread "JNA Cleaner"                daemon [_thread_blocked, id=1864, stack(0x0000005ba1400000,0x0000005ba1500000) (1024K)]
  0x000001af63f6d200 JavaThread "Worker-2"                          [_thread_blocked, id=26632, stack(0x0000005ba1700000,0x0000005ba1800000) (1024K)]
  0x000001af63f6ec40 JavaThread "Worker-3"                          [_thread_blocked, id=23300, stack(0x0000005ba1800000,0x0000005ba1900000) (1024K)]
  0x000001af63f6b7c0 JavaThread "Thread-1"                   daemon [_thread_in_native, id=15660, stack(0x0000005ba1900000,0x0000005ba1a00000) (1024K)]
  0x000001af63f6d890 JavaThread "Thread-2"                   daemon [_thread_in_native, id=1764, stack(0x0000005ba1a00000,0x0000005ba1b00000) (1024K)]
  0x000001af63f6be50 JavaThread "Thread-3"                   daemon [_thread_in_native, id=5816, stack(0x0000005ba1b00000,0x0000005ba1c00000) (1024K)]
  0x000001af6a79d6b0 JavaThread "Thread-4"                   daemon [_thread_in_native, id=10996, stack(0x0000005ba1c00000,0x0000005ba1d00000) (1024K)]
  0x000001af6a79a230 JavaThread "Thread-5"                   daemon [_thread_in_native, id=29480, stack(0x0000005ba1d00000,0x0000005ba1e00000) (1024K)]
  0x000001af6a79dd40 JavaThread "Thread-6"                   daemon [_thread_in_native, id=29284, stack(0x0000005ba1e00000,0x0000005ba1f00000) (1024K)]
  0x000001af6a79a8c0 JavaThread "Thread-7"                   daemon [_thread_in_native, id=29648, stack(0x0000005ba1f00000,0x0000005ba2000000) (1024K)]
  0x000001af6a79e3d0 JavaThread "Thread-8"                   daemon [_thread_in_native, id=12720, stack(0x0000005ba2000000,0x0000005ba2100000) (1024K)]
  0x000001af6a79c300 JavaThread "Thread-9"                   daemon [_thread_in_native, id=22488, stack(0x0000005ba2100000,0x0000005ba2200000) (1024K)]
  0x000001af6a79bc70 JavaThread "Thread-10"                  daemon [_thread_in_native, id=5664, stack(0x0000005ba2200000,0x0000005ba2300000) (1024K)]
  0x000001af6a79af50 JavaThread "Thread-11"                  daemon [_thread_in_native, id=21600, stack(0x0000005ba2300000,0x0000005ba2400000) (1024K)]
  0x000001af6a79c990 JavaThread "Thread-12"                  daemon [_thread_in_native, id=24928, stack(0x0000005ba2400000,0x0000005ba2500000) (1024K)]
  0x000001af6a79ea60 JavaThread "Thread-13"                  daemon [_thread_in_native, id=15384, stack(0x0000005ba2500000,0x0000005ba2600000) (1024K)]
  0x000001af6a79d020 JavaThread "pool-2-thread-1"                   [_thread_blocked, id=27200, stack(0x0000005ba2600000,0x0000005ba2700000) (1024K)]
  0x000001af6a79b5e0 JavaThread "Worker-4"                          [_thread_blocked, id=30576, stack(0x0000005ba2800000,0x0000005ba2900000) (1024K)]
  0x000001af6a7a1850 JavaThread "WorkspaceEventsHandler"            [_thread_blocked, id=27500, stack(0x0000005ba2900000,0x0000005ba2a00000) (1024K)]
  0x000001af6a79f780 JavaThread "pool-1-thread-1"                   [_thread_blocked, id=5668, stack(0x0000005ba2a00000,0x0000005ba2b00000) (1024K)]
  0x000001af6a7a04a0 JavaThread "Worker-5: Initialize Workspace"        [_thread_blocked, id=4308, stack(0x0000005ba2b00000,0x0000005ba2c00000) (1024K)]
  0x000001af6deb5050 JavaThread "PatternSearchJob-worker-1"  daemon [_thread_blocked, id=19560, stack(0x0000005ba0c00000,0x0000005ba0d00000) (1024K)]
  0x000001af6deb49c0 JavaThread "ForkJoinPool.commonPool-worker-1" daemon [_thread_blocked, id=10916, stack(0x0000005ba2d00000,0x0000005ba2e00000) (1024K)]
  0x000001af6dacc840 JavaThread "ForkJoinPool.commonPool-worker-2" daemon [_thread_blocked, id=22212, stack(0x0000005ba2e00000,0x0000005ba2f00000) (1024K)]
  0x000001af6dac9a50 JavaThread "ForkJoinPool.commonPool-worker-3" daemon [_thread_blocked, id=21900, stack(0x0000005ba2f00000,0x0000005ba3000000) (1024K)]
  0x000001af6dacb490 JavaThread "ForkJoinPool.commonPool-worker-4" daemon [_thread_blocked, id=26200, stack(0x0000005ba3000000,0x0000005ba3100000) (1024K)]
  0x000001af6daca770 JavaThread "ForkJoinPool.commonPool-worker-5" daemon [_thread_blocked, id=22400, stack(0x0000005ba3100000,0x0000005ba3200000) (1024K)]
  0x000001af6dacae00 JavaThread "ForkJoinPool.commonPool-worker-6" daemon [_thread_in_Java, id=29296, stack(0x0000005ba3200000,0x0000005ba3300000) (1024K)]
  0x000001af6dacced0 JavaThread "Worker-6"                          [_thread_blocked, id=4172, stack(0x0000005ba3400000,0x0000005ba3500000) (1024K)]
  0x000001af6a5a97b0 JavaThread "LocalFile Deleter"          daemon [_thread_blocked, id=28812, stack(0x0000005ba3300000,0x0000005ba3400000) (1024K)]
  0x000001af6a5a9120 JavaThread "LocalFile Deleter"          daemon [_thread_blocked, id=15600, stack(0x0000005ba3500000,0x0000005ba3600000) (1024K)]
  0x000001af6a5a7050 JavaThread "LocalFile Deleter"          daemon [_thread_blocked, id=23272, stack(0x0000005ba3600000,0x0000005ba3700000) (1024K)]
  0x000001af6a5a8a90 JavaThread "LocalFile Deleter"          daemon [_thread_blocked, id=19888, stack(0x0000005ba3700000,0x0000005ba3800000) (1024K)]
  0x000001af6a5a6330 JavaThread "LocalFile Deleter"          daemon [_thread_blocked, id=19416, stack(0x0000005ba3800000,0x0000005ba3900000) (1024K)]
  0x000001af6a5a69c0 JavaThread "LocalFile Deleter"          daemon [_thread_blocked, id=15060, stack(0x0000005ba3900000,0x0000005ba3a00000) (1024K)]
  0x000001af6a5a76e0 JavaThread "LocalFile Deleter"          daemon [_thread_blocked, id=22560, stack(0x0000005ba3a00000,0x0000005ba3b00000) (1024K)]
  0x000001af6a5a7d70 JavaThread "LocalFile Deleter"          daemon [_thread_blocked, id=6480, stack(0x0000005ba3b00000,0x0000005ba3c00000) (1024K)]
  0x000001af6a5aab60 JavaThread "LocalFile Deleter"          daemon [_thread_blocked, id=20032, stack(0x0000005ba3c00000,0x0000005ba3d00000) (1024K)]
  0x000001af6a5a9e40 JavaThread "LocalFile Deleter"          daemon [_thread_blocked, id=15620, stack(0x0000005ba3d00000,0x0000005ba3e00000) (1024K)]
  0x000001af6a5aa4d0 JavaThread "LocalFile Deleter"          daemon [_thread_blocked, id=5768, stack(0x0000005ba3e00000,0x0000005ba3f00000) (1024K)]
  0x000001af6a5ab1f0 JavaThread "LocalFile Deleter"          daemon [_thread_blocked, id=22052, stack(0x0000005ba3f00000,0x0000005ba4000000) (1024K)]
  0x000001af6a5ab880 JavaThread "Compiler Source File Reader" daemon [_thread_blocked, id=17552, stack(0x0000005ba4000000,0x0000005ba4100000) (1024K)]
  0x000001af6a5a8400 JavaThread "Compiler Source File Reader" daemon [_thread_blocked, id=4416, stack(0x0000005ba4100000,0x0000005ba4200000) (1024K)]
  0x000001af6a5abf10 JavaThread "Compiler Source File Reader" daemon [_thread_blocked, id=23956, stack(0x0000005ba4200000,0x0000005ba4300000) (1024K)]
  0x000001af6a5ac5a0 JavaThread "Compiler Source File Reader" daemon [_thread_blocked, id=2728, stack(0x0000005ba4300000,0x0000005ba4400000) (1024K)]
  0x000001af6a5acc30 JavaThread "Compiler Source File Reader" daemon [_thread_blocked, id=7900, stack(0x0000005ba4400000,0x0000005ba4500000) (1024K)]
  0x000001af6a5ad2c0 JavaThread "Compiler Source File Reader" daemon [_thread_blocked, id=17356, stack(0x0000005ba4500000,0x0000005ba4600000) (1024K)]
  0x000001af6a5ad950 JavaThread "Compiler Source File Reader" daemon [_thread_blocked, id=23720, stack(0x0000005ba4600000,0x0000005ba4700000) (1024K)]
  0x000001af6ace4f40 JavaThread "Compiler Source File Reader" daemon [_thread_blocked, id=25032, stack(0x0000005ba4700000,0x0000005ba4800000) (1024K)]
  0x000001af6ace7010 JavaThread "Compiler Source File Reader" daemon [_thread_blocked, id=29100, stack(0x0000005ba4800000,0x0000005ba4900000) (1024K)]
  0x000001af6ace55d0 JavaThread "Compiler Processing Task"   daemon [_thread_blocked, id=13108, stack(0x0000005ba4a00000,0x0000005ba4b00000) (1024K)]
  0x000001af6ace62f0 JavaThread "Compiler Class File Writer" daemon [_thread_blocked, id=27188, stack(0x0000005ba4b00000,0x0000005ba4c00000) (1024K)]
  0x000001af6ace3b90 JavaThread "Compiler Class File Writer" daemon [_thread_blocked, id=21196, stack(0x0000005ba4c00000,0x0000005ba4d00000) (1024K)]
  0x000001af6ace76a0 JavaThread "Compiler Class File Writer" daemon [_thread_blocked, id=5828, stack(0x0000005ba4d00000,0x0000005ba4e00000) (1024K)]
  0x000001af6ace4220 JavaThread "Compiler Class File Writer" daemon [_thread_blocked, id=15356, stack(0x0000005ba4e00000,0x0000005ba4f00000) (1024K)]
  0x000001af6ace9770 JavaThread "Compiler Class File Writer" daemon [_thread_blocked, id=13680, stack(0x0000005ba4f00000,0x0000005ba5000000) (1024K)]
  0x000001af6aceb1b0 JavaThread "Compiler Class File Writer" daemon [_thread_blocked, id=20972, stack(0x0000005ba5000000,0x0000005ba5100000) (1024K)]
  0x000001af6ace8a50 JavaThread "Compiler Class File Writer" daemon [_thread_blocked, id=10688, stack(0x0000005ba5100000,0x0000005ba5200000) (1024K)]
  0x000001af6ace90e0 JavaThread "Compiler Class File Writer" daemon [_thread_blocked, id=31100, stack(0x0000005ba5200000,0x0000005ba5300000) (1024K)]
  0x000001af6acea490 JavaThread "Compiler Class File Writer" daemon [_thread_blocked, id=27360, stack(0x0000005ba5300000,0x0000005ba5400000) (1024K)]
  0x000001af6ace7d30 JavaThread "Compiler Class File Writer" daemon [_thread_blocked, id=15140, stack(0x0000005ba5400000,0x0000005ba5500000) (1024K)]
  0x000001af6aceab20 JavaThread "Compiler Source File Reader" daemon [_thread_blocked, id=30448, stack(0x0000005ba5500000,0x0000005ba5600000) (1024K)]
  0x000001af6ace83c0 JavaThread "Worker-7"                          [_thread_blocked, id=26588, stack(0x0000005ba5600000,0x0000005ba5700000) (1024K)]
  0x000001af6e28beb0 JavaThread "C2 CompilerThread1"         daemon [_thread_in_native, id=16804, stack(0x0000005b9ef00000,0x0000005b9f000000) (1024K)]
  0x000001af6ace9e00 JavaThread "PatternSearchJob-worker-2"  daemon [_thread_blocked, id=680, stack(0x0000005b9f000000,0x0000005b9f100000) (1024K)]
  0x000001af6d26f340 JavaThread "PatternSearchJob-worker-3"  daemon [_thread_blocked, id=4904, stack(0x0000005b9f100000,0x0000005b9f200000) (1024K)]
  0x000001af6d26bec0 JavaThread "PatternSearchJob-worker-4"  daemon [_thread_blocked, id=24608, stack(0x0000005ba2700000,0x0000005ba2800000) (1024K)]
  0x000001af6d26c550 JavaThread "PatternSearchJob-worker-5"  daemon [_thread_blocked, id=27748, stack(0x0000005ba4900000,0x0000005ba4a00000) (1024K)]
  0x000001af6d26d270 JavaThread "PatternSearchJob-worker-6"  daemon [_thread_blocked, id=21084, stack(0x0000005ba5700000,0x0000005ba5800000) (1024K)]
  0x000001af6d26cbe0 JavaThread "PatternSearchJob-worker-8"  daemon [_thread_blocked, id=7452, stack(0x0000005ba5800000,0x0000005ba5900000) (1024K)]
  0x000001af6d26f9d0 JavaThread "PatternSearchJob-worker-9"  daemon [_thread_blocked, id=24792, stack(0x0000005ba5900000,0x0000005ba5a00000) (1024K)]
  0x000001af6d26df90 JavaThread "PatternSearchJob-worker-7"  daemon [_thread_blocked, id=14988, stack(0x0000005ba5a00000,0x0000005ba5b00000) (1024K)]
  0x000001af6d270060 JavaThread "PatternSearchJob-worker-10" daemon [_thread_blocked, id=30212, stack(0x0000005ba5b00000,0x0000005ba5c00000) (1024K)]
  0x000001af6d26d900 JavaThread "PatternSearchJob-worker-11" daemon [_thread_blocked, id=8556, stack(0x0000005ba5c00000,0x0000005ba5d00000) (1024K)]
  0x000001af6d2706f0 JavaThread "ForkJoinPool.commonPool-worker-7" daemon [_thread_blocked, id=28764, stack(0x0000005ba5d00000,0x0000005ba5e00000) (1024K)]
  0x000001af6d270d80 JavaThread "ForkJoinPool.commonPool-worker-8" daemon [_thread_blocked, id=18372, stack(0x0000005ba5e00000,0x0000005ba5f00000) (1024K)]
  0x000001af6d271410 JavaThread "ForkJoinPool.commonPool-worker-9" daemon [_thread_blocked, id=29144, stack(0x0000005ba5f00000,0x0000005ba6000000) (1024K)]
  0x000001af6d271aa0 JavaThread "ForkJoinPool.commonPool-worker-10" daemon [_thread_blocked, id=14124, stack(0x0000005ba6000000,0x0000005ba6100000) (1024K)]
  0x000001af69d68f50 JavaThread "C2 CompilerThread2"         daemon [_thread_in_vm, id=14932, stack(0x0000005ba6100000,0x0000005ba6200000) (1024K)]
  0x000001af6d26ecb0 JavaThread "Cleaner-0"                  daemon [_thread_blocked, id=19372, stack(0x0000005ba6200000,0x0000005ba6300000) (1024K)]
Total: 101

Other Threads:
  0x000001af0b282800 VMThread "VM Thread"                           [id=21452, stack(0x0000005b9f500000,0x0000005b9f600000) (1024K)]
  0x000001af0b06ca00 WatcherThread "VM Periodic Task Thread"        [id=11408, stack(0x0000005b9f400000,0x0000005b9f500000) (1024K)]
  0x000001af0b1fc740 WorkerThread "GC Thread#0"                     [id=11504, stack(0x0000005b9f300000,0x0000005b9f400000) (1024K)]
  0x000001af642f7700 WorkerThread "GC Thread#1"                     [id=30360, stack(0x0000005ba0100000,0x0000005ba0200000) (1024K)]
  0x000001af642f8d20 WorkerThread "GC Thread#2"                     [id=17176, stack(0x0000005ba0200000,0x0000005ba0300000) (1024K)]
  0x000001af642f85c0 WorkerThread "GC Thread#3"                     [id=26684, stack(0x0000005ba0300000,0x0000005ba0400000) (1024K)]
  0x000001af642f8210 WorkerThread "GC Thread#4"                     [id=22804, stack(0x0000005ba0400000,0x0000005ba0500000) (1024K)]
  0x000001af642f8970 WorkerThread "GC Thread#5"                     [id=28056, stack(0x0000005ba0500000,0x0000005ba0600000) (1024K)]
  0x000001af642f7350 WorkerThread "GC Thread#6"                     [id=7232, stack(0x0000005ba0600000,0x0000005ba0700000) (1024K)]
  0x000001af6985b800 WorkerThread "GC Thread#7"                     [id=13780, stack(0x0000005ba0900000,0x0000005ba0a00000) (1024K)]
  0x000001af6985ef50 WorkerThread "GC Thread#8"                     [id=15304, stack(0x0000005ba0d00000,0x0000005ba0e00000) (1024K)]
  0x000001af6985b450 WorkerThread "GC Thread#9"                     [id=11796, stack(0x0000005ba0e00000,0x0000005ba0f00000) (1024K)]
Total: 12

Threads with active compile tasks:
C2 CompilerThread0  77211 14272       4       org.lombokweb.asm.ClassReader::readMethod (1070 bytes)
C2 CompilerThread1  77212 14421       4       java.lang.invoke.MethodHandleImpl::makePairwiseConvertByEditor (617 bytes)
C2 CompilerThread2  77212 14422       4       java.lang.invoke.DirectMethodHandle::make (275 bytes)
Total: 3

VM state: not at safepoint (normal execution)

VM Mutex/Monitor currently owned by a thread: None

Heap address: 0x0000000080000000, size: 2048 MB, Compressed Oops mode: 32-bit

CDS archive(s) mapped at: [0x000001af22000000-0x000001af22ba0000-0x000001af22ba0000), size 12189696, SharedBaseAddress: 0x000001af22000000, ArchiveRelocationMode: 1.
Compressed class space mapped at: 0x000001af23000000-0x000001af63000000, reserved size: 1073741824
Narrow klass base: 0x000001af22000000, Narrow klass shift: 0, Narrow klass range: 0x100000000

GC Precious Log:
 CardTable entry size: 512
 CPUs: 12 total, 12 available
 Memory: 16092M
 Large Page Support: Disabled
 NUMA Support: Disabled
 Compressed Oops: Enabled (32-bit)
 Alignments: Space 512K, Generation 512K, Heap 2M
 Heap Min Capacity: 100M
 Heap Initial Capacity: 100M
 Heap Max Capacity: 2G
 Pre-touch: Disabled
 Parallel Workers: 10

Heap:
 PSYoungGen      total 3584K, used 2723K [0x00000000d5580000, 0x00000000d5a80000, 0x0000000100000000)
  eden space 3072K, 75% used [0x00000000d5580000,0x00000000d57c0d80,0x00000000d5880000)
  from space 512K, 81% used [0x00000000d5880000,0x00000000d58e8000,0x00000000d5900000)
  to   space 1024K, 0% used [0x00000000d5980000,0x00000000d5980000,0x00000000d5a80000)
 ParOldGen       total 844288K, used 844060K [0x0000000080000000, 0x00000000b3880000, 0x00000000d5580000)
  object space 844288K, 99% used [0x0000000080000000,0x00000000b38470c0,0x00000000b3880000)
 Metaspace       used 77099K, committed 78720K, reserved 1179648K
  class space    used 8174K, committed 8896K, reserved 1048576K

Card table byte_map: [0x000001af0ab80000,0x000001af0af90000] _byte_map_base: 0x000001af0a780000

Marking Bits: (ParMarkBitMap*) 0x00007ff8c1e94460
 Begin Bits: [0x000001af1d690000, 0x000001af1f690000)
 End Bits:   [0x000001af1f690000, 0x000001af21690000)

Polling page: 0x000001af09070000

Metaspace:

Usage:
  Non-class:     67.32 MB used.
      Class:      7.98 MB used.
       Both:     75.30 MB used.

Virtual space:
  Non-class space:      128.00 MB reserved,      68.19 MB ( 53%) committed,  2 nodes.
      Class space:        1.00 GB reserved,       8.69 MB ( <1%) committed,  1 nodes.
             Both:        1.12 GB reserved,      76.88 MB (  7%) committed. 

Chunk freelists:
   Non-Class:  11.42 MB
       Class:  7.22 MB
        Both:  18.64 MB

MaxMetaspaceSize: unlimited
CompressedClassSpaceSize: 1.00 GB
Initial GC threshold: 21.00 MB
Current GC threshold: 97.31 MB
CDS: on
 - commit_granule_bytes: 65536.
 - commit_granule_words: 8192.
 - virtual_space_node_default_size: 8388608.
 - enlarge_chunks_in_place: 1.
 - use_allocation_guard: 0.


Internal statistics:

num_allocs_failed_limit: 9.
num_arena_births: 1360.
num_arena_deaths: 22.
num_vsnodes_births: 3.
num_vsnodes_deaths: 0.
num_space_committed: 1230.
num_space_uncommitted: 0.
num_chunks_returned_to_freelist: 35.
num_chunks_taken_from_freelist: 4815.
num_chunk_merges: 16.
num_chunk_splits: 2978.
num_chunks_enlarged: 1716.
num_inconsistent_stats: 0.

CodeHeap 'non-profiled nmethods': size=120000Kb used=12297Kb max_used=12297Kb free=107702Kb
 bounds [0x000001af15eb0000, 0x000001af16ac0000, 0x000001af1d3e0000]
CodeHeap 'profiled nmethods': size=120000Kb used=31815Kb max_used=31815Kb free=88184Kb
 bounds [0x000001af0e3e0000, 0x000001af10300000, 0x000001af15910000]
CodeHeap 'non-nmethods': size=5760Kb used=1507Kb max_used=1580Kb free=4252Kb
 bounds [0x000001af15910000, 0x000001af15b80000, 0x000001af15eb0000]
CodeCache: size=245760Kb, used=45619Kb, max_used=45692Kb, free=200138Kb
 total_blobs=14527, nmethods=13698, adapters=733, full_count=0
Compilation: enabled, stopped_count=0, restarted_count=0

Compilation events (20 events):
Event: 76.947 Thread 0x000001af6e28beb0 nmethod 14022 0x000001af16a9bc90 code [0x000001af16a9bf80, 0x000001af16a9ccd8]
Event: 76.947 Thread 0x000001af6e28beb0 14373       4       java.util.concurrent.atomic.AtomicLong::incrementAndGet (14 bytes)
Event: 76.948 Thread 0x000001af6e28beb0 nmethod 14373 0x000001af16a9da10 code [0x000001af16a9dba0, 0x000001af16a9dc38]
Event: 76.948 Thread 0x000001af6e28beb0 14100       4       org.eclipse.jdt.internal.core.Openable::<init> (6 bytes)
Event: 76.949 Thread 0x000001af6e28beb0 nmethod 14100 0x000001af16a9dd10 code [0x000001af16a9dea0, 0x000001af16a9dfa8]
Event: 76.949 Thread 0x000001af6e28beb0 14104       4       lombok.core.LombokImmutableList::iterator (9 bytes)
Event: 76.951 Thread 0x000001af6e28beb0 nmethod 14104 0x000001af16a9e090 code [0x000001af16a9e220, 0x000001af16a9e318]
Event: 76.951 Thread 0x000001af6e28beb0 14368       4       java.lang.reflect.Field::getOverrideFieldAccessor (18 bytes)
Event: 76.951 Thread 0x000001af6e28beb0 nmethod 14368 0x000001af16a9e410 code [0x000001af16a9e5a0, 0x000001af16a9e660]
Event: 76.952 Thread 0x000001af6e28beb0 14049       4       jdk.internal.util.ArraysSupport::newLength (27 bytes)
Event: 76.953 Thread 0x000001af6e28beb0 nmethod 14049 0x000001af16a9e710 code [0x000001af16a9e8a0, 0x000001af16a9e940]
Event: 76.954 Thread 0x000001af6e28beb0 14416       4       java.lang.Class::copyFields (36 bytes)
Event: 76.966 Thread 0x000001af6e28beb0 nmethod 14416 0x000001af16a9ea10 code [0x000001af16a9ebc0, 0x000001af16a9efe8]
Event: 76.967 Thread 0x000001af6e28beb0 14417   !   4       jdk.internal.reflect.MethodHandleObjectFieldAccessorImpl::set (70 bytes)
Event: 76.975 Thread 0x000001af6e28beb0 nmethod 14417 0x000001af16a9f290 code [0x000001af16a9f4a0, 0x000001af16a9f940]
Event: 76.975 Thread 0x000001af6e28beb0 14421       4       java.lang.invoke.MethodHandleImpl::makePairwiseConvertByEditor (617 bytes)
Event: 77.061 Thread 0x000001af0b29c810 14427       3       java.security.AccessControlContext::combine (205 bytes)
Event: 77.062 Thread 0x000001af0b29c810 nmethod 14427 0x000001af102e8f90 code [0x000001af102e91c0, 0x000001af102e9c68]
Event: 77.081 Thread 0x000001af0b29c810 14428       3       org.eclipse.jdt.internal.corext.dom.GenericVisitor::endVisitNode (1 bytes)
Event: 77.081 Thread 0x000001af0b29c810 nmethod 14428 0x000001af102e9f90 code [0x000001af102ea120, 0x000001af102ea228]

GC Heap History (20 events):
Event: 76.489 GC heap before
{Heap before GC invocations=1516 (full 3):
 PSYoungGen      total 4096K, used 3657K [0x00000000d5580000, 0x00000000d5b00000, 0x0000000100000000)
  eden space 2560K, 100% used [0x00000000d5580000,0x00000000d5800000,0x00000000d5800000)
  from space 1536K, 71% used [0x00000000d5980000,0x00000000d5a92730,0x00000000d5b00000)
  to   space 1536K, 0% used [0x00000000d5800000,0x00000000d5800000,0x00000000d5980000)
 ParOldGen       total 840192K, used 839689K [0x0000000080000000, 0x00000000b3480000, 0x00000000d5580000)
  object space 840192K, 99% used [0x0000000080000000,0x00000000b34027e8,0x00000000b3480000)
 Metaspace       used 74171K, committed 75840K, reserved 1179648K
  class space    used 7939K, committed 8704K, reserved 1048576K
}
Event: 76.492 GC heap after
{Heap after GC invocations=1516 (full 3):
 PSYoungGen      total 4096K, used 745K [0x00000000d5580000, 0x00000000d5a80000, 0x0000000100000000)
  eden space 2560K, 0% used [0x00000000d5580000,0x00000000d5580000,0x00000000d5800000)
  from space 1536K, 48% used [0x00000000d5800000,0x00000000d58ba740,0x00000000d5980000)
  to   space 1024K, 0% used [0x00000000d5980000,0x00000000d5980000,0x00000000d5a80000)
 ParOldGen       total 840192K, used 839761K [0x0000000080000000, 0x00000000b3480000, 0x00000000d5580000)
  object space 840192K, 99% used [0x0000000080000000,0x00000000b34147e8,0x00000000b3480000)
 Metaspace       used 74171K, committed 75840K, reserved 1179648K
  class space    used 7939K, committed 8704K, reserved 1048576K
}
Event: 76.500 GC heap before
{Heap before GC invocations=1517 (full 3):
 PSYoungGen      total 4096K, used 3305K [0x00000000d5580000, 0x00000000d5a80000, 0x0000000100000000)
  eden space 2560K, 100% used [0x00000000d5580000,0x00000000d5800000,0x00000000d5800000)
  from space 1536K, 48% used [0x00000000d5800000,0x00000000d58ba740,0x00000000d5980000)
  to   space 1024K, 0% used [0x00000000d5980000,0x00000000d5980000,0x00000000d5a80000)
 ParOldGen       total 840192K, used 839761K [0x0000000080000000, 0x00000000b3480000, 0x00000000d5580000)
  object space 840192K, 99% used [0x0000000080000000,0x00000000b34147e8,0x00000000b3480000)
 Metaspace       used 74189K, committed 75840K, reserved 1179648K
  class space    used 7939K, committed 8704K, reserved 1048576K
}
Event: 76.503 GC heap after
{Heap after GC invocations=1517 (full 3):
 PSYoungGen      total 4096K, used 739K [0x00000000d5580000, 0x00000000d5a80000, 0x0000000100000000)
  eden space 3072K, 0% used [0x00000000d5580000,0x00000000d5580000,0x00000000d5880000)
  from space 1024K, 72% used [0x00000000d5980000,0x00000000d5a38f50,0x00000000d5a80000)
  to   space 1024K, 0% used [0x00000000d5880000,0x00000000d5880000,0x00000000d5980000)
 ParOldGen       total 840704K, used 840330K [0x0000000080000000, 0x00000000b3500000, 0x00000000d5580000)
  object space 840704K, 99% used [0x0000000080000000,0x00000000b34a2880,0x00000000b3500000)
 Metaspace       used 74189K, committed 75840K, reserved 1179648K
  class space    used 7939K, committed 8704K, reserved 1048576K
}
Event: 76.524 GC heap before
{Heap before GC invocations=1518 (full 3):
 PSYoungGen      total 4096K, used 3811K [0x00000000d5580000, 0x00000000d5a80000, 0x0000000100000000)
  eden space 3072K, 100% used [0x00000000d5580000,0x00000000d5880000,0x00000000d5880000)
  from space 1024K, 72% used [0x00000000d5980000,0x00000000d5a38f50,0x00000000d5a80000)
  to   space 1024K, 0% used [0x00000000d5880000,0x00000000d5880000,0x00000000d5980000)
 ParOldGen       total 840704K, used 840330K [0x0000000080000000, 0x00000000b3500000, 0x00000000d5580000)
  object space 840704K, 99% used [0x0000000080000000,0x00000000b34a2880,0x00000000b3500000)
 Metaspace       used 74382K, committed 76032K, reserved 1179648K
  class space    used 7942K, committed 8704K, reserved 1048576K
}
Event: 76.527 GC heap after
{Heap after GC invocations=1518 (full 3):
 PSYoungGen      total 4096K, used 224K [0x00000000d5580000, 0x00000000d5a80000, 0x0000000100000000)
  eden space 3072K, 0% used [0x00000000d5580000,0x00000000d5580000,0x00000000d5880000)
  from space 1024K, 21% used [0x00000000d5880000,0x00000000d58b8000,0x00000000d5980000)
  to   space 512K, 0% used [0x00000000d5a00000,0x00000000d5a00000,0x00000000d5a80000)
 ParOldGen       total 841216K, used 840909K [0x0000000080000000, 0x00000000b3580000, 0x00000000d5580000)
  object space 841216K, 99% used [0x0000000080000000,0x00000000b35337d0,0x00000000b3580000)
 Metaspace       used 74382K, committed 76032K, reserved 1179648K
  class space    used 7942K, committed 8704K, reserved 1048576K
}
Event: 76.561 GC heap before
{Heap before GC invocations=1519 (full 3):
 PSYoungGen      total 4096K, used 3295K [0x00000000d5580000, 0x00000000d5a80000, 0x0000000100000000)
  eden space 3072K, 99% used [0x00000000d5580000,0x00000000d587fff8,0x00000000d5880000)
  from space 1024K, 21% used [0x00000000d5880000,0x00000000d58b8000,0x00000000d5980000)
  to   space 512K, 0% used [0x00000000d5a00000,0x00000000d5a00000,0x00000000d5a80000)
 ParOldGen       total 841216K, used 840909K [0x0000000080000000, 0x00000000b3580000, 0x00000000d5580000)
  object space 841216K, 99% used [0x0000000080000000,0x00000000b35337d0,0x00000000b3580000)
 Metaspace       used 74593K, committed 76224K, reserved 1179648K
  class space    used 7965K, committed 8704K, reserved 1048576K
}
Event: 76.564 GC heap after
{Heap after GC invocations=1519 (full 3):
 PSYoungGen      total 4096K, used 512K [0x00000000d5580000, 0x00000000d5b80000, 0x0000000100000000)
  eden space 3584K, 0% used [0x00000000d5580000,0x00000000d5580000,0x00000000d5900000)
  from space 512K, 100% used [0x00000000d5a00000,0x00000000d5a80000,0x00000000d5a80000)
  to   space 1024K, 0% used [0x00000000d5900000,0x00000000d5900000,0x00000000d5a00000)
 ParOldGen       total 841216K, used 841005K [0x0000000080000000, 0x00000000b3580000, 0x00000000d5580000)
  object space 841216K, 99% used [0x0000000080000000,0x00000000b354b7d0,0x00000000b3580000)
 Metaspace       used 74593K, committed 76224K, reserved 1179648K
  class space    used 7965K, committed 8704K, reserved 1048576K
}
Event: 76.596 GC heap before
{Heap before GC invocations=1520 (full 3):
 PSYoungGen      total 4096K, used 4096K [0x00000000d5580000, 0x00000000d5b80000, 0x0000000100000000)
  eden space 3584K, 100% used [0x00000000d5580000,0x00000000d5900000,0x00000000d5900000)
  from space 512K, 100% used [0x00000000d5a00000,0x00000000d5a80000,0x00000000d5a80000)
  to   space 1024K, 0% used [0x00000000d5900000,0x00000000d5900000,0x00000000d5a00000)
 ParOldGen       total 841216K, used 841005K [0x0000000080000000, 0x00000000b3580000, 0x00000000d5580000)
  object space 841216K, 99% used [0x0000000080000000,0x00000000b354b7d0,0x00000000b3580000)
 Metaspace       used 74849K, committed 76416K, reserved 1179648K
  class space    used 7990K, committed 8704K, reserved 1048576K
}
Event: 76.599 GC heap after
{Heap after GC invocations=1520 (full 3):
 PSYoungGen      total 4608K, used 580K [0x00000000d5580000, 0x00000000d5b00000, 0x0000000100000000)
  eden space 3584K, 0% used [0x00000000d5580000,0x00000000d5580000,0x00000000d5900000)
  from space 1024K, 56% used [0x00000000d5900000,0x00000000d5991210,0x00000000d5a00000)
  to   space 1024K, 0% used [0x00000000d5a00000,0x00000000d5a00000,0x00000000d5b00000)
 ParOldGen       total 841728K, used 841381K [0x0000000080000000, 0x00000000b3600000, 0x00000000d5580000)
  object space 841728K, 99% used [0x0000000080000000,0x00000000b35a97d0,0x00000000b3600000)
 Metaspace       used 74849K, committed 76416K, reserved 1179648K
  class space    used 7990K, committed 8704K, reserved 1048576K
}
Event: 76.641 GC heap before
{Heap before GC invocations=1521 (full 3):
 PSYoungGen      total 4608K, used 4152K [0x00000000d5580000, 0x00000000d5b00000, 0x0000000100000000)
  eden space 3584K, 99% used [0x00000000d5580000,0x00000000d58fd120,0x00000000d5900000)
  from space 1024K, 56% used [0x00000000d5900000,0x00000000d5991210,0x00000000d5a00000)
  to   space 1024K, 0% used [0x00000000d5a00000,0x00000000d5a00000,0x00000000d5b00000)
 ParOldGen       total 841728K, used 841381K [0x0000000080000000, 0x00000000b3600000, 0x00000000d5580000)
  object space 841728K, 99% used [0x0000000080000000,0x00000000b35a97d0,0x00000000b3600000)
 Metaspace       used 75215K, committed 76864K, reserved 1179648K
  class space    used 8016K, committed 8768K, reserved 1048576K
}
Event: 76.646 GC heap after
{Heap after GC invocations=1521 (full 3):
 PSYoungGen      total 4608K, used 640K [0x00000000d5580000, 0x00000000d5b00000, 0x0000000100000000)
  eden space 3584K, 0% used [0x00000000d5580000,0x00000000d5580000,0x00000000d5900000)
  from space 1024K, 62% used [0x00000000d5a00000,0x00000000d5aa0000,0x00000000d5b00000)
  to   space 1024K, 0% used [0x00000000d5900000,0x00000000d5900000,0x00000000d5a00000)
 ParOldGen       total 842240K, used 841778K [0x0000000080000000, 0x00000000b3680000, 0x00000000d5580000)
  object space 842240K, 99% used [0x0000000080000000,0x00000000b360c9e0,0x00000000b3680000)
 Metaspace       used 75215K, committed 76864K, reserved 1179648K
  class space    used 8016K, committed 8768K, reserved 1048576K
}
Event: 76.738 GC heap before
{Heap before GC invocations=1522 (full 3):
 PSYoungGen      total 4608K, used 4204K [0x00000000d5580000, 0x00000000d5b00000, 0x0000000100000000)
  eden space 3584K, 99% used [0x00000000d5580000,0x00000000d58fb378,0x00000000d5900000)
  from space 1024K, 62% used [0x00000000d5a00000,0x00000000d5aa0000,0x00000000d5b00000)
  to   space 1024K, 0% used [0x00000000d5900000,0x00000000d5900000,0x00000000d5a00000)
 ParOldGen       total 842240K, used 841778K [0x0000000080000000, 0x00000000b3680000, 0x00000000d5580000)
  object space 842240K, 99% used [0x0000000080000000,0x00000000b360c9e0,0x00000000b3680000)
 Metaspace       used 75501K, committed 77120K, reserved 1179648K
  class space    used 8038K, committed 8768K, reserved 1048576K
}
Event: 76.742 GC heap after
{Heap after GC invocations=1522 (full 3):
 PSYoungGen      total 4608K, used 767K [0x00000000d5580000, 0x00000000d5b00000, 0x0000000100000000)
  eden space 3584K, 0% used [0x00000000d5580000,0x00000000d5580000,0x00000000d5900000)
  from space 1024K, 74% used [0x00000000d5900000,0x00000000d59bfd28,0x00000000d5a00000)
  to   space 1024K, 0% used [0x00000000d5a00000,0x00000000d5a00000,0x00000000d5b00000)
 ParOldGen       total 842752K, used 842290K [0x0000000080000000, 0x00000000b3700000, 0x00000000d5580000)
  object space 842752K, 99% used [0x0000000080000000,0x00000000b368ca00,0x00000000b3700000)
 Metaspace       used 75501K, committed 77120K, reserved 1179648K
  class space    used 8038K, committed 8768K, reserved 1048576K
}
Event: 76.831 GC heap before
{Heap before GC invocations=1523 (full 3):
 PSYoungGen      total 4608K, used 4351K [0x00000000d5580000, 0x00000000d5b00000, 0x0000000100000000)
  eden space 3584K, 100% used [0x00000000d5580000,0x00000000d5900000,0x00000000d5900000)
  from space 1024K, 74% used [0x00000000d5900000,0x00000000d59bfd28,0x00000000d5a00000)
  to   space 1024K, 0% used [0x00000000d5a00000,0x00000000d5a00000,0x00000000d5b00000)
 ParOldGen       total 842752K, used 842290K [0x0000000080000000, 0x00000000b3700000, 0x00000000d5580000)
  object space 842752K, 99% used [0x0000000080000000,0x00000000b368ca00,0x00000000b3700000)
 Metaspace       used 75993K, committed 77632K, reserved 1179648K
  class space    used 8086K, committed 8832K, reserved 1048576K
}
Event: 76.834 GC heap after
{Heap after GC invocations=1523 (full 3):
 PSYoungGen      total 4608K, used 627K [0x00000000d5580000, 0x00000000d5b00000, 0x0000000100000000)
  eden space 3584K, 0% used [0x00000000d5580000,0x00000000d5580000,0x00000000d5900000)
  from space 1024K, 61% used [0x00000000d5a00000,0x00000000d5a9ce48,0x00000000d5b00000)
  to   space 1024K, 0% used [0x00000000d5900000,0x00000000d5900000,0x00000000d5a00000)
 ParOldGen       total 843264K, used 842882K [0x0000000080000000, 0x00000000b3780000, 0x00000000d5580000)
  object space 843264K, 99% used [0x0000000080000000,0x00000000b3720a00,0x00000000b3780000)
 Metaspace       used 75993K, committed 77632K, reserved 1179648K
  class space    used 8086K, committed 8832K, reserved 1048576K
}
Event: 76.899 GC heap before
{Heap before GC invocations=1524 (full 3):
 PSYoungGen      total 4608K, used 4211K [0x00000000d5580000, 0x00000000d5b00000, 0x0000000100000000)
  eden space 3584K, 100% used [0x00000000d5580000,0x00000000d5900000,0x00000000d5900000)
  from space 1024K, 61% used [0x00000000d5a00000,0x00000000d5a9ce48,0x00000000d5b00000)
  to   space 1024K, 0% used [0x00000000d5900000,0x00000000d5900000,0x00000000d5a00000)
 ParOldGen       total 843264K, used 842882K [0x0000000080000000, 0x00000000b3780000, 0x00000000d5580000)
  object space 843264K, 99% used [0x0000000080000000,0x00000000b3720a00,0x00000000b3780000)
 Metaspace       used 76203K, committed 77824K, reserved 1179648K
  class space    used 8100K, committed 8832K, reserved 1048576K
}
Event: 76.902 GC heap after
{Heap after GC invocations=1524 (full 3):
 PSYoungGen      total 4608K, used 881K [0x00000000d5580000, 0x00000000d5b00000, 0x0000000100000000)
  eden space 3584K, 0% used [0x00000000d5580000,0x00000000d5580000,0x00000000d5900000)
  from space 1024K, 86% used [0x00000000d5900000,0x00000000d59dc488,0x00000000d5a00000)
  to   space 1024K, 0% used [0x00000000d5a00000,0x00000000d5a00000,0x00000000d5b00000)
 ParOldGen       total 843264K, used 843031K [0x0000000080000000, 0x00000000b3780000, 0x00000000d5580000)
  object space 843264K, 99% used [0x0000000080000000,0x00000000b3745c98,0x00000000b3780000)
 Metaspace       used 76203K, committed 77824K, reserved 1179648K
  class space    used 8100K, committed 8832K, reserved 1048576K
}
Event: 77.030 GC heap before
{Heap before GC invocations=1525 (full 3):
 PSYoungGen      total 4608K, used 4465K [0x00000000d5580000, 0x00000000d5b00000, 0x0000000100000000)
  eden space 3584K, 100% used [0x00000000d5580000,0x00000000d5900000,0x00000000d5900000)
  from space 1024K, 86% used [0x00000000d5900000,0x00000000d59dc488,0x00000000d5a00000)
  to   space 1024K, 0% used [0x00000000d5a00000,0x00000000d5a00000,0x00000000d5b00000)
 ParOldGen       total 843264K, used 843031K [0x0000000080000000, 0x00000000b3780000, 0x00000000d5580000)
  object space 843264K, 99% used [0x0000000080000000,0x00000000b3745c98,0x00000000b3780000)
 Metaspace       used 76472K, committed 78080K, reserved 1179648K
  class space    used 8120K, committed 8832K, reserved 1048576K
}
Event: 77.033 GC heap after
{Heap after GC invocations=1525 (full 3):
 PSYoungGen      total 4096K, used 1024K [0x00000000d5580000, 0x00000000d5c00000, 0x0000000100000000)
  eden space 3072K, 0% used [0x00000000d5580000,0x00000000d5580000,0x00000000d5880000)
  from space 1024K, 100% used [0x00000000d5a00000,0x00000000d5b00000,0x00000000d5b00000)
  to   space 1536K, 0% used [0x00000000d5880000,0x00000000d5880000,0x00000000d5a00000)
 ParOldGen       total 843776K, used 843383K [0x0000000080000000, 0x00000000b3800000, 0x00000000d5580000)
  object space 843776K, 99% used [0x0000000080000000,0x00000000b379dc98,0x00000000b3800000)
 Metaspace       used 76472K, committed 78080K, reserved 1179648K
  class space    used 8120K, committed 8832K, reserved 1048576K
}

Dll operation events (12 events):
Event: 0.009 Loaded shared library c:\Users\theab\.vscode\extensions\redhat.java-1.55.0-win32-x64\jre\21.0.11-win32-x86_64\bin\java.dll
Event: 0.077 Loaded shared library c:\Users\theab\.vscode\extensions\redhat.java-1.55.0-win32-x64\jre\21.0.11-win32-x86_64\bin\zip.dll
Event: 0.103 Loaded shared library C:\Users\theab\.vscode\extensions\redhat.java-1.55.0-win32-x64\jre\21.0.11-win32-x86_64\bin\instrument.dll
Event: 0.108 Loaded shared library C:\Users\theab\.vscode\extensions\redhat.java-1.55.0-win32-x64\jre\21.0.11-win32-x86_64\bin\net.dll
Event: 0.114 Loaded shared library C:\Users\theab\.vscode\extensions\redhat.java-1.55.0-win32-x64\jre\21.0.11-win32-x86_64\bin\nio.dll
Event: 0.118 Loaded shared library C:\Users\theab\.vscode\extensions\redhat.java-1.55.0-win32-x64\jre\21.0.11-win32-x86_64\bin\zip.dll
Event: 0.141 Loaded shared library C:\Users\theab\.vscode\extensions\redhat.java-1.55.0-win32-x64\jre\21.0.11-win32-x86_64\bin\jimage.dll
Event: 0.236 Loaded shared library c:\Users\theab\.vscode\extensions\redhat.java-1.55.0-win32-x64\jre\21.0.11-win32-x86_64\bin\verify.dll
Event: 2.289 Loaded shared library C:\Users\theab\AppData\Roaming\Code\User\globalStorage\redhat.java\1.55.0\config_win\org.eclipse.equinox.launcher\org.eclipse.equinox.launcher.win32.win32.x86_64_1.3.100.v20260613-0559\eclipse_11924.dll
Event: 7.014 Loaded shared library C:\Users\theab\AppData\Local\Temp\jna-110326866\jna12954131831697515400.dll
Event: 7.281 Loaded shared library C:\Users\theab\.vscode\extensions\redhat.java-1.55.0-win32-x64\jre\21.0.11-win32-x86_64\bin\sunmscapi.dll
Event: 8.361 Loaded shared library C:\Users\theab\.vscode\extensions\redhat.java-1.55.0-win32-x64\jre\21.0.11-win32-x86_64\bin\extnet.dll

Deoptimization events (20 events):
Event: 76.600 Thread 0x000001af6dacc840 Uncommon trap: trap_request=0xffffff45 fr.pc=0x000001af1615119c relative=0x0000000000000bdc
Event: 76.600 Thread 0x000001af6dacc840 Uncommon trap: reason=unstable_if action=reinterpret pc=0x000001af1615119c method=java.util.concurrent.ConcurrentHashMap.remove(Ljava/lang/Object;Ljava/lang/Object;)Z @ 23 c2
Event: 76.600 Thread 0x000001af6dacc840 DEOPT PACKING pc=0x000001af1615119c sp=0x0000005ba2efa280
Event: 76.600 Thread 0x000001af6dacc840 DEOPT UNPACKING pc=0x000001af15963aa2 sp=0x0000005ba2efa148 mode 2
Event: 76.693 Thread 0x000001af63f6c4e0 Uncommon trap: trap_request=0xffffff45 fr.pc=0x000001af169773c8 relative=0x0000000000000128
Event: 76.693 Thread 0x000001af63f6c4e0 Uncommon trap: reason=unstable_if action=reinterpret pc=0x000001af169773c8 method=org.eclipse.core.runtime.SubMonitor.consume(D)I @ 60 c2
Event: 76.693 Thread 0x000001af63f6c4e0 DEOPT PACKING pc=0x000001af169773c8 sp=0x0000005ba12ff040
Event: 76.693 Thread 0x000001af63f6c4e0 DEOPT UNPACKING pc=0x000001af15963aa2 sp=0x0000005ba12fefb8 mode 2
Event: 76.722 Thread 0x000001af6dacc840 Uncommon trap: trap_request=0xffffff45 fr.pc=0x000001af16a3566c relative=0x000000000000078c
Event: 76.723 Thread 0x000001af6dacc840 Uncommon trap: reason=unstable_if action=reinterpret pc=0x000001af16a3566c method=org.eclipse.jdt.internal.compiler.parser.Scanner.getNextToken0()Lorg/eclipse/jdt/internal/compiler/parser/TerminalToken; @ 1003 c2
Event: 76.723 Thread 0x000001af6dacc840 DEOPT PACKING pc=0x000001af16a3566c sp=0x0000005ba2efde20
Event: 76.723 Thread 0x000001af6dacc840 DEOPT UNPACKING pc=0x000001af15963aa2 sp=0x0000005ba2efdd58 mode 2
Event: 76.825 Thread 0x000001af6dacc840 Uncommon trap: trap_request=0xffffff45 fr.pc=0x000001af165baa44 relative=0x00000000000000e4
Event: 76.825 Thread 0x000001af6dacc840 Uncommon trap: reason=unstable_if action=reinterpret pc=0x000001af165baa44 method=org.eclipse.jdt.internal.core.JavaModel.getWorkspaceTarget(Lorg/eclipse/core/runtime/IPath;)Lorg/eclipse/core/resources/IResource; @ 1 c2
Event: 76.825 Thread 0x000001af6dacc840 DEOPT PACKING pc=0x000001af165baa44 sp=0x0000005ba2efde80
Event: 76.825 Thread 0x000001af6dacc840 DEOPT UNPACKING pc=0x000001af15963aa2 sp=0x0000005ba2efde10 mode 2
Event: 76.825 Thread 0x000001af6dacc840 Uncommon trap: trap_request=0xffffff45 fr.pc=0x000001af165c6838 relative=0x0000000000001298
Event: 76.825 Thread 0x000001af6dacc840 Uncommon trap: reason=unstable_if action=reinterpret pc=0x000001af165c6838 method=org.eclipse.jdt.internal.core.JavaModel.getExternalTarget(Lorg/eclipse/core/runtime/IPath;Z)Ljava/lang/Object; @ 1 c2
Event: 76.825 Thread 0x000001af6dacc840 DEOPT PACKING pc=0x000001af165c6838 sp=0x0000005ba2efde30
Event: 76.825 Thread 0x000001af6dacc840 DEOPT UNPACKING pc=0x000001af15963aa2 sp=0x0000005ba2efddf8 mode 2

Classes loaded (20 events):
Event: 47.090 Loading class java/util/CollSer
Event: 47.090 Loading class java/util/CollSer done
Event: 47.858 Loading class jdk/internal/module/IllegalAccessLogger
Event: 47.858 Loading class jdk/internal/module/IllegalAccessLogger done
Event: 47.871 Loading class java/util/concurrent/ArrayBlockingQueue
Event: 47.872 Loading class java/util/concurrent/ArrayBlockingQueue done
Event: 47.929 Loading class java/util/Hashtable$ValueCollection
Event: 47.929 Loading class java/util/Hashtable$ValueCollection done
Event: 47.937 Loading class java/util/concurrent/ConcurrentHashMap$KeySpliterator
Event: 47.937 Loading class java/util/concurrent/ConcurrentHashMap$KeySpliterator done
Event: 48.226 Loading class jdk/internal/module/IllegalAccessLogger
Event: 48.226 Loading class jdk/internal/module/IllegalAccessLogger done
Event: 48.442 Loading class java/io/CharArrayWriter
Event: 48.442 Loading class java/io/CharArrayWriter done
Event: 75.329 Loading class java/io/SequenceInputStream
Event: 75.329 Loading class java/io/SequenceInputStream done
Event: 75.930 Loading class java/lang/UnsupportedClassVersionError
Event: 75.930 Loading class java/lang/UnsupportedClassVersionError done
Event: 77.060 Loading class jdk/internal/ref/CleanerImpl$InnocuousThreadFactory
Event: 77.061 Loading class jdk/internal/ref/CleanerImpl$InnocuousThreadFactory done

Classes unloaded (11 events):
Event: 6.455 Thread 0x000001af0b282800 Unloading class 0x000001af231ad400 'java/lang/invoke/LambdaForm$MH+0x000001af231ad400'
Event: 6.455 Thread 0x000001af0b282800 Unloading class 0x000001af231ad000 'java/lang/invoke/LambdaForm$MH+0x000001af231ad000'
Event: 6.455 Thread 0x000001af0b282800 Unloading class 0x000001af231acc00 'java/lang/invoke/LambdaForm$MH+0x000001af231acc00'
Event: 6.455 Thread 0x000001af0b282800 Unloading class 0x000001af231ac800 'java/lang/invoke/LambdaForm$MH+0x000001af231ac800'
Event: 6.455 Thread 0x000001af0b282800 Unloading class 0x000001af231ac400 'java/lang/invoke/LambdaForm$BMH+0x000001af231ac400'
Event: 6.455 Thread 0x000001af0b282800 Unloading class 0x000001af231ac000 'java/lang/invoke/LambdaForm$DMH+0x000001af231ac000'
Event: 6.455 Thread 0x000001af0b282800 Unloading class 0x000001af231aac00 'java/lang/invoke/LambdaForm$DMH+0x000001af231aac00'
Event: 25.964 Thread 0x000001af0b282800 Unloading class 0x000001af2363d800 'java/lang/invoke/LambdaForm$DMH+0x000001af2363d800'
Event: 25.964 Thread 0x000001af0b282800 Unloading class 0x000001af2363cc00 'java/lang/invoke/LambdaForm$DMH+0x000001af2363cc00'
Event: 25.964 Thread 0x000001af0b282800 Unloading class 0x000001af2363d400 'java/lang/invoke/LambdaForm$DMH+0x000001af2363d400'
Event: 25.964 Thread 0x000001af0b282800 Unloading class 0x000001af2363d000 'java/lang/invoke/LambdaForm$DMH+0x000001af2363d000'

Classes redefined (0 events):
No events

Internal exceptions (20 events):
Event: 75.791 Thread 0x000001af6a79b5e0 Exception <a 'java/lang/NoSuchMethodError'{0x00000000d55f6650}: 'java.lang.Object java.lang.invoke.DirectMethodHandle$Holder.invokeSpecial(java.lang.Object, java.lang.Object, int, long)'> (0x00000000d55f6650) 
thrown [s\src\hotspot\share\interpreter\linkResolver.cpp, line 773]
Event: 75.814 Thread 0x000001af6dacb490 Implicit null exception at 0x000001af1606f506 to 0x000001af1606f5fc
Event: 75.814 Thread 0x000001af6dacb490 Implicit null exception at 0x000001af1600a2dd to 0x000001af1600a3d1
Event: 75.816 Thread 0x000001af6dacb490 Exception <a 'java/lang/NoSuchMethodError'{0x00000000d55dc608}: 'java.lang.Object java.lang.invoke.DirectMethodHandle$Holder.invokeSpecial(java.lang.Object, java.lang.Object, java.lang.Object, java.lang.Object, int, java.lang.Object, java.lang.Object)'> (0x00000000d55dc608) 
thrown [s\src\hotspot\share\interpreter\linkResolver.cpp, line 773]
Event: 75.816 Thread 0x000001af6dac9a50 Exception <a 'java/lang/NoSuchMethodError'{0x00000000d55dd290}: 'java.lang.Object java.lang.invoke.DirectMethodHandle$Holder.invokeSpecial(java.lang.Object, java.lang.Object, java.lang.Object, java.lang.Object, int, java.lang.Object, java.lang.Object)'> (0x00000000d55dd290) 
thrown [s\src\hotspot\share\interpreter\linkResolver.cpp, line 773]
Event: 75.834 Thread 0x000001af6d270d80 Exception <a 'java/lang/ArrayIndexOutOfBoundsException'{0x00000000d57d4300}> (0x00000000d57d4300) 
thrown [s\src\hotspot\share\runtime\sharedRuntime.cpp, line 625]
Event: 75.943 Thread 0x000001af6dacc840 Exception <a 'java/lang/NoSuchMethodError'{0x00000000d5661590}: 'int java.lang.invoke.Invokers$Holder.invokeExact_MT(java.lang.Object, java.lang.Object)'> (0x00000000d5661590) 
thrown [s\src\hotspot\share\interpreter\linkResolver.cpp, line 773]
Event: 76.074 Thread 0x000001af6dacc840 Implicit null exception at 0x000001af16a2cd8b to 0x000001af16a2d524
Event: 76.146 Thread 0x000001af6dacc840 Exception <a 'java/lang/NullPointerException'{0x00000000d55e4b68}> (0x00000000d55e4b68) 
thrown [s\src\hotspot\share\interpreter\linkResolver.cpp, line 1372]
Event: 76.148 Thread 0x000001af6dacc840 Exception <a 'java/lang/NullPointerException'{0x00000000d568a800}> (0x00000000d568a800) 
thrown [s\src\hotspot\share\interpreter\linkResolver.cpp, line 1372]
Event: 76.148 Thread 0x000001af6dacc840 Exception <a 'java/lang/NullPointerException'{0x00000000d568b088}> (0x00000000d568b088) 
thrown [s\src\hotspot\share\interpreter\linkResolver.cpp, line 1372]
Event: 76.172 Thread 0x000001af6dacc840 Exception <a 'java/lang/NullPointerException'{0x00000000d5794390}> (0x00000000d5794390) 
thrown [s\src\hotspot\share\interpreter\linkResolver.cpp, line 1372]
Event: 76.182 Thread 0x000001af6dacc840 Exception <a 'java/lang/NullPointerException'{0x00000000d57f8e20}> (0x00000000d57f8e20) 
thrown [s\src\hotspot\share\interpreter\linkResolver.cpp, line 1372]
Event: 76.188 Thread 0x000001af6dacc840 Exception <a 'java/lang/NullPointerException'{0x00000000d5598000}> (0x00000000d5598000) 
thrown [s\src\hotspot\share\interpreter\linkResolver.cpp, line 1372]
Event: 76.188 Thread 0x000001af6dacc840 Exception <a 'java/lang/NullPointerException'{0x00000000d5598cf8}> (0x00000000d5598cf8) 
thrown [s\src\hotspot\share\interpreter\linkResolver.cpp, line 1372]
Event: 76.188 Thread 0x000001af6dacc840 Exception <a 'java/lang/NullPointerException'{0x00000000d5599490}> (0x00000000d5599490) 
thrown [s\src\hotspot\share\interpreter\linkResolver.cpp, line 1372]
Event: 76.188 Thread 0x000001af6dacc840 Exception <a 'java/lang/NullPointerException'{0x00000000d5599eb0}> (0x00000000d5599eb0) 
thrown [s\src\hotspot\share\interpreter\linkResolver.cpp, line 1372]
Event: 76.191 Thread 0x000001af6dacc840 Exception <a 'java/lang/NullPointerException'{0x00000000d55aff78}> (0x00000000d55aff78) 
thrown [s\src\hotspot\share\interpreter\linkResolver.cpp, line 1372]
Event: 76.825 Thread 0x000001af6dacc840 Implicit null exception at 0x000001af165ba97a to 0x000001af165baa34
Event: 76.825 Thread 0x000001af6dacc840 Implicit null exception at 0x000001af165c55c2 to 0x000001af165c6824

ZGC Phase Switch (0 events):
No events

VM Operations (20 events):
Event: 76.489 Executing safepoint VM operation: ParallelGCFailedAllocation (Allocation Failure)
Event: 76.492 Executing safepoint VM operation: ParallelGCFailedAllocation (Allocation Failure) done
Event: 76.500 Executing safepoint VM operation: ParallelGCFailedAllocation (Allocation Failure)
Event: 76.503 Executing safepoint VM operation: ParallelGCFailedAllocation (Allocation Failure) done
Event: 76.524 Executing safepoint VM operation: ParallelGCFailedAllocation (Allocation Failure)
Event: 76.528 Executing safepoint VM operation: ParallelGCFailedAllocation (Allocation Failure) done
Event: 76.561 Executing safepoint VM operation: ParallelGCFailedAllocation (Allocation Failure)
Event: 76.564 Executing safepoint VM operation: ParallelGCFailedAllocation (Allocation Failure) done
Event: 76.596 Executing safepoint VM operation: ParallelGCFailedAllocation (Allocation Failure)
Event: 76.599 Executing safepoint VM operation: ParallelGCFailedAllocation (Allocation Failure) done
Event: 76.641 Executing safepoint VM operation: ParallelGCFailedAllocation (Allocation Failure)
Event: 76.646 Executing safepoint VM operation: ParallelGCFailedAllocation (Allocation Failure) done
Event: 76.738 Executing safepoint VM operation: ParallelGCFailedAllocation (Allocation Failure)
Event: 76.742 Executing safepoint VM operation: ParallelGCFailedAllocation (Allocation Failure) done
Event: 76.831 Executing safepoint VM operation: ParallelGCFailedAllocation (Allocation Failure)
Event: 76.834 Executing safepoint VM operation: ParallelGCFailedAllocation (Allocation Failure) done
Event: 76.899 Executing safepoint VM operation: ParallelGCFailedAllocation (Allocation Failure)
Event: 76.903 Executing safepoint VM operation: ParallelGCFailedAllocation (Allocation Failure) done
Event: 77.030 Executing safepoint VM operation: ParallelGCFailedAllocation (Allocation Failure)
Event: 77.033 Executing safepoint VM operation: ParallelGCFailedAllocation (Allocation Failure) done

Memory protections (0 events):
No events

Nmethod flushes (20 events):
Event: 25.987 Thread 0x000001af0b282800 flushing  nmethod 0x000001af0ebae590
Event: 25.987 Thread 0x000001af0b282800 flushing  nmethod 0x000001af0ebaf390
Event: 25.987 Thread 0x000001af0b282800 flushing  nmethod 0x000001af0ebb3790
Event: 25.987 Thread 0x000001af0b282800 flushing  nmethod 0x000001af0ebbdb10
Event: 25.987 Thread 0x000001af0b282800 flushing  nmethod 0x000001af0ebe1390
Event: 25.987 Thread 0x000001af0b282800 flushing  nmethod 0x000001af0ebeb610
Event: 25.987 Thread 0x000001af0b282800 flushing  nmethod 0x000001af0ebec510
Event: 25.987 Thread 0x000001af0b282800 flushing  nmethod 0x000001af0ebecd90
Event: 25.987 Thread 0x000001af0b282800 flushing  nmethod 0x000001af0ebedc10
Event: 25.987 Thread 0x000001af0b282800 flushing  nmethod 0x000001af0ebee090
Event: 25.987 Thread 0x000001af0b282800 flushing  nmethod 0x000001af0ebefe90
Event: 25.987 Thread 0x000001af0b282800 flushing  nmethod 0x000001af0ec06b10
Event: 25.987 Thread 0x000001af0b282800 flushing  nmethod 0x000001af0ec14b90
Event: 25.987 Thread 0x000001af0b282800 flushing  nmethod 0x000001af0ec15190
Event: 25.987 Thread 0x000001af0b282800 flushing  nmethod 0x000001af0ec44e10
Event: 25.987 Thread 0x000001af0b282800 flushing  nmethod 0x000001af0ec49210
Event: 25.987 Thread 0x000001af0b282800 flushing  nmethod 0x000001af0ec77d10
Event: 25.987 Thread 0x000001af0b282800 flushing  nmethod 0x000001af0ec86390
Event: 25.987 Thread 0x000001af0b282800 flushing  nmethod 0x000001af0ec87390
Event: 25.987 Thread 0x000001af0b282800 flushing  nmethod 0x000001af0ec9c790

Events (20 events):
Event: 59.218 Thread 0x000001af6e28b110 Thread exited: 0x000001af6e28b110
Event: 59.744 Thread 0x000001af0b29c810 Thread added: 0x000001af6e28b7e0
Event: 60.254 Thread 0x000001af6e28b7e0 Thread exited: 0x000001af6e28b7e0
Event: 73.880 Thread 0x000001af0b298ef0 Thread added: 0x000001af6e28beb0
Event: 74.918 Thread 0x000001af6dacced0 Thread added: 0x000001af6ace9e00
Event: 74.919 Thread 0x000001af6deb5050 Thread added: 0x000001af6d26f340
Event: 74.919 Thread 0x000001af6ace9e00 Thread added: 0x000001af6d26bec0
Event: 74.920 Thread 0x000001af6d26f340 Thread added: 0x000001af6d26c550
Event: 74.921 Thread 0x000001af6d26bec0 Thread added: 0x000001af6d26d270
Event: 74.924 Thread 0x000001af6d26d270 Thread added: 0x000001af6d26cbe0
Event: 74.939 Thread 0x000001af6d26cbe0 Thread added: 0x000001af6d26f9d0
Event: 74.957 Thread 0x000001af6d26c550 Thread added: 0x000001af6d26df90
Event: 74.972 Thread 0x000001af6d26f9d0 Thread added: 0x000001af6d270060
Event: 74.974 Thread 0x000001af6d270060 Thread added: 0x000001af6d26d900
Event: 75.623 Thread 0x000001af6a79f780 Thread added: 0x000001af6d2706f0
Event: 75.624 Thread 0x000001af6a79f780 Thread added: 0x000001af6d270d80
Event: 75.632 Thread 0x000001af6a79f780 Thread added: 0x000001af6d271410
Event: 75.680 Thread 0x000001af6d271410 Thread added: 0x000001af6d271aa0
Event: 75.835 Thread 0x000001af0b29c810 Thread added: 0x000001af69d68f50
Event: 77.061 Thread 0x000001af6dacae00 Thread added: 0x000001af6d26ecb0


Dynamic libraries:
0x00007ff768110000 - 0x00007ff76811e000 	c:\Users\theab\.vscode\extensions\redhat.java-1.55.0-win32-x64\jre\21.0.11-win32-x86_64\bin\java.exe
0x00007ff98e4c0000 - 0x00007ff98e726000 	C:\WINDOWS\SYSTEM32\ntdll.dll
0x00007ff98db20000 - 0x00007ff98dbe9000 	C:\WINDOWS\System32\KERNEL32.DLL
0x00007ff98b750000 - 0x00007ff98bb4a000 	C:\WINDOWS\System32\KERNELBASE.dll
0x00007ff98be30000 - 0x00007ff98bf7c000 	C:\WINDOWS\System32\ucrtbase.dll
0x00007ff9743c0000 - 0x00007ff9743d8000 	c:\Users\theab\.vscode\extensions\redhat.java-1.55.0-win32-x64\jre\21.0.11-win32-x86_64\bin\jli.dll
0x00007ff95fa00000 - 0x00007ff95fa1e000 	c:\Users\theab\.vscode\extensions\redhat.java-1.55.0-win32-x64\jre\21.0.11-win32-x86_64\bin\VCRUNTIME140.dll
0x00007ff98e2b0000 - 0x00007ff98e477000 	C:\WINDOWS\System32\USER32.dll
0x00007ff98bca0000 - 0x00007ff98bcc7000 	C:\WINDOWS\System32\win32u.dll
0x00007ff977b60000 - 0x00007ff977df2000 	C:\WINDOWS\WinSxS\amd64_microsoft.windows.common-controls_6595b64144ccf1df_6.0.26100.8521_none_3e08b75ce33403b3\COMCTL32.dll
0x00007ff98c520000 - 0x00007ff98c54b000 	C:\WINDOWS\System32\GDI32.dll
0x00007ff98bf80000 - 0x00007ff98c0ab000 	C:\WINDOWS\System32\gdi32full.dll
0x00007ff98bd80000 - 0x00007ff98be23000 	C:\WINDOWS\System32\msvcp_win.dll
0x00007ff98d7a0000 - 0x00007ff98d849000 	C:\WINDOWS\System32\msvcrt.dll
0x00007ff98da10000 - 0x00007ff98da42000 	C:\WINDOWS\System32\IMM32.DLL
0x00007ff97b560000 - 0x00007ff97b56c000 	c:\Users\theab\.vscode\extensions\redhat.java-1.55.0-win32-x64\jre\21.0.11-win32-x86_64\bin\vcruntime140_1.dll
0x00007ff947cc0000 - 0x00007ff947d4d000 	c:\Users\theab\.vscode\extensions\redhat.java-1.55.0-win32-x64\jre\21.0.11-win32-x86_64\bin\msvcp140.dll
0x00007ff8c11d0000 - 0x00007ff8c1f72000 	c:\Users\theab\.vscode\extensions\redhat.java-1.55.0-win32-x64\jre\21.0.11-win32-x86_64\bin\server\jvm.dll
0x00007ff98dc30000 - 0x00007ff98dce6000 	C:\WINDOWS\System32\ADVAPI32.dll
0x00007ff98cce0000 - 0x00007ff98cd8a000 	C:\WINDOWS\System32\sechost.dll
0x00007ff98cdb0000 - 0x00007ff98cec8000 	C:\WINDOWS\System32\RPCRT4.dll
0x00007ff98d8a0000 - 0x00007ff98d920000 	C:\WINDOWS\System32\WS2_32.dll
0x00007ff98b5b0000 - 0x00007ff98b60e000 	C:\WINDOWS\SYSTEM32\POWRPROF.dll
0x00007ff975b60000 - 0x00007ff975b6b000 	C:\WINDOWS\SYSTEM32\VERSION.dll
0x00007ff9883c0000 - 0x00007ff9883f6000 	C:\WINDOWS\SYSTEM32\WINMM.dll
0x00007ff98b580000 - 0x00007ff98b594000 	C:\WINDOWS\SYSTEM32\UMPDC.dll
0x00007ff98a4b0000 - 0x00007ff98a4cb000 	C:\WINDOWS\SYSTEM32\kernel.appcore.dll
0x00007ff9755e0000 - 0x00007ff9755ea000 	c:\Users\theab\.vscode\extensions\redhat.java-1.55.0-win32-x64\jre\21.0.11-win32-x86_64\bin\jimage.dll
0x00007ff988d50000 - 0x00007ff988f92000 	C:\WINDOWS\SYSTEM32\DBGHELP.DLL
0x00007ff98d0b0000 - 0x00007ff98d433000 	C:\WINDOWS\System32\combase.dll
0x00007ff98d930000 - 0x00007ff98da09000 	C:\WINDOWS\System32\OLEAUT32.dll
0x00007ff988350000 - 0x00007ff98838b000 	C:\WINDOWS\SYSTEM32\dbgcore.DLL
0x00007ff98bcd0000 - 0x00007ff98bd78000 	C:\WINDOWS\System32\bcryptPrimitives.dll
0x00007ff974bd0000 - 0x00007ff974bdf000 	c:\Users\theab\.vscode\extensions\redhat.java-1.55.0-win32-x64\jre\21.0.11-win32-x86_64\bin\instrument.dll
0x00007ff95ef30000 - 0x00007ff95ef50000 	c:\Users\theab\.vscode\extensions\redhat.java-1.55.0-win32-x64\jre\21.0.11-win32-x86_64\bin\java.dll
0x00007ff98c550000 - 0x00007ff98ccd4000 	C:\WINDOWS\System32\SHELL32.dll
0x00007ff9892d0000 - 0x00007ff989b50000 	C:\WINDOWS\SYSTEM32\windows.storage.dll
0x00007ff98d440000 - 0x00007ff98d536000 	C:\WINDOWS\System32\SHCORE.dll
0x00007ff98dab0000 - 0x00007ff98db17000 	C:\WINDOWS\System32\shlwapi.dll
0x00007ff98b670000 - 0x00007ff98b699000 	C:\WINDOWS\SYSTEM32\profapi.dll
0x00007ff95e9d0000 - 0x00007ff95e9e8000 	c:\Users\theab\.vscode\extensions\redhat.java-1.55.0-win32-x64\jre\21.0.11-win32-x86_64\bin\zip.dll
0x00007ff974b40000 - 0x00007ff974b50000 	C:\Users\theab\.vscode\extensions\redhat.java-1.55.0-win32-x64\jre\21.0.11-win32-x86_64\bin\net.dll
0x00007ff981a40000 - 0x00007ff981b69000 	C:\WINDOWS\SYSTEM32\WINHTTP.dll
0x00007ff98aa00000 - 0x00007ff98aa6c000 	C:\WINDOWS\system32\mswsock.dll
0x00007ff95e920000 - 0x00007ff95e936000 	C:\Users\theab\.vscode\extensions\redhat.java-1.55.0-win32-x64\jre\21.0.11-win32-x86_64\bin\nio.dll
0x00007ff974ae0000 - 0x00007ff974af0000 	c:\Users\theab\.vscode\extensions\redhat.java-1.55.0-win32-x64\jre\21.0.11-win32-x86_64\bin\verify.dll
0x00007ff970fb0000 - 0x00007ff970ff5000 	C:\Users\theab\AppData\Roaming\Code\User\globalStorage\redhat.java\1.55.0\config_win\org.eclipse.equinox.launcher\org.eclipse.equinox.launcher.win32.win32.x86_64_1.3.100.v20260613-0559\eclipse_11924.dll
0x00007ff98d600000 - 0x00007ff98d798000 	C:\WINDOWS\System32\ole32.dll
0x00007ff98ac90000 - 0x00007ff98acab000 	C:\WINDOWS\SYSTEM32\CRYPTSP.dll
0x00007ff98a410000 - 0x00007ff98a449000 	C:\WINDOWS\system32\rsaenh.dll
0x00007ff98aab0000 - 0x00007ff98aae3000 	C:\WINDOWS\SYSTEM32\USERENV.dll
0x00007ff98b640000 - 0x00007ff98b66a000 	C:\WINDOWS\SYSTEM32\bcrypt.dll
0x00007ff98acb0000 - 0x00007ff98acbc000 	C:\WINDOWS\SYSTEM32\CRYPTBASE.dll
0x00007ff989ed0000 - 0x00007ff989f03000 	C:\WINDOWS\SYSTEM32\IPHLPAPI.DLL
0x00007ff98cd90000 - 0x00007ff98cd9a000 	C:\WINDOWS\System32\NSI.dll
0x00007ff972f50000 - 0x00007ff972f99000 	C:\Users\theab\AppData\Local\Temp\jna-110326866\jna12954131831697515400.dll
0x00007ff98c230000 - 0x00007ff98c238000 	C:\WINDOWS\System32\PSAPI.DLL
0x00007ff983fb0000 - 0x00007ff983fcd000 	C:\WINDOWS\SYSTEM32\dhcpcsvc6.DLL
0x00007ff981de0000 - 0x00007ff981e05000 	C:\WINDOWS\SYSTEM32\dhcpcsvc.DLL
0x00007ff985e90000 - 0x00007ff985e9e000 	C:\Users\theab\.vscode\extensions\redhat.java-1.55.0-win32-x64\jre\21.0.11-win32-x86_64\bin\sunmscapi.dll
0x00007ff98c0b0000 - 0x00007ff98c228000 	C:\WINDOWS\System32\CRYPT32.dll
0x00007ff98af50000 - 0x00007ff98af80000 	C:\WINDOWS\SYSTEM32\ncrypt.dll
0x00007ff98af00000 - 0x00007ff98af3f000 	C:\WINDOWS\SYSTEM32\NTASN1.dll
0x00007ff989f70000 - 0x00007ff98a0ba000 	C:\WINDOWS\SYSTEM32\DNSAPI.dll
0x00007ff98a7d0000 - 0x00007ff98a7dd000 	C:\WINDOWS\SYSTEM32\DSPARSE.dll
0x00007ff981360000 - 0x00007ff98136b000 	C:\Windows\System32\rasadhlp.dll
0x00007ff983870000 - 0x00007ff9838f6000 	C:\WINDOWS\System32\fwpuclnt.dll
0x00007ff985e80000 - 0x00007ff985e89000 	C:\Users\theab\.vscode\extensions\redhat.java-1.55.0-win32-x64\jre\21.0.11-win32-x86_64\bin\extnet.dll

JVMTI agents:
c:\Users\theab\.vscode\extensions\redhat.java-1.55.0-win32-x64\lombok\lombok-1.18.39-4050.jar path:c:\Users\theab\.vscode\extensions\redhat.java-1.55.0-win32-x64\jre\21.0.11-win32-x86_64\bin\instrument.dll, loaded, initialized, instrumentlib options:none

dbghelp: loaded successfully - version: 4.0.5 - missing functions: none
symbol engine: initialized successfully - sym options: 0x614 - pdb path: .;c:\Users\theab\.vscode\extensions\redhat.java-1.55.0-win32-x64\jre\21.0.11-win32-x86_64\bin;C:\WINDOWS\SYSTEM32;C:\WINDOWS\WinSxS\amd64_microsoft.windows.common-controls_6595b64144ccf1df_6.0.26100.8521_none_3e08b75ce33403b3;c:\Users\theab\.vscode\extensions\redhat.java-1.55.0-win32-x64\jre\21.0.11-win32-x86_64\bin\server;C:\Users\theab\AppData\Roaming\Code\User\globalStorage\redhat.java\1.55.0\config_win\org.eclipse.equinox.launcher\org.eclipse.equinox.launcher.win32.win32.x86_64_1.3.100.v20260613-0559;C:\Users\theab\AppData\Local\Temp\jna-110326866

VM Arguments:
jvm_args: --add-modules=ALL-SYSTEM --add-opens=java.base/java.util=ALL-UNNAMED --add-opens=java.base/java.lang=ALL-UNNAMED --add-opens=java.base/sun.nio.fs=ALL-UNNAMED -Declipse.application=org.eclipse.jdt.ls.core.id1 -Dosgi.bundles.defaultStartLevel=4 -Declipse.product=org.eclipse.jdt.ls.core.product -Djava.import.generatesMetadataFilesAtProjectRoot=false -DDetectVMInstallationsJob.disabled=true -Dfile.encoding=utf8 -XX:+UseParallelGC -XX:GCTimeRatio=4 -XX:AdaptiveSizePolicyWeight=90 -Dsun.zip.disableMemoryMapping=true -Xmx2G -Xms100m -Xlog:disable -javaagent:c:\Users\theab\.vscode\extensions\redhat.java-1.55.0-win32-x64\lombok\lombok-1.18.39-4050.jar -XX:+HeapDumpOnOutOfMemoryError -XX:HeapDumpPath=c:\Users\theab\AppData\Roaming\Code\User\workspaceStorage\cc3b7c361b40eb0a62fb27a00c96c1aa\redhat.java -Daether.dependencyCollector.impl=bf 
java_command: c:\Users\theab\.vscode\extensions\redhat.java-1.55.0-win32-x64\server\plugins\org.eclipse.equinox.launcher_1.7.200.v20260619-2039.jar -configuration c:\Users\theab\AppData\Roaming\Code\User\globalStorage\redhat.java\1.55.0\config_win -data c:\Users\theab\AppData\Roaming\Code\User\workspaceStorage\cc3b7c361b40eb0a62fb27a00c96c1aa\redhat.java\jdt_ws --pipe=\\.\pipe\lsp-870c758d1cdcfecdb3c5be96bef79744-sock
java_class_path (initial): c:\Users\theab\.vscode\extensions\redhat.java-1.55.0-win32-x64\server\plugins\org.eclipse.equinox.launcher_1.7.200.v20260619-2039.jar
Launcher Type: SUN_STANDARD

[Global flags]
    uintx AdaptiveSizePolicyWeight                 = 90                                        {product} {command line}
     intx CICompilerCount                          = 4                                         {product} {ergonomic}
    uintx GCTimeRatio                              = 4                                         {product} {command line}
     bool HeapDumpOnOutOfMemoryError               = true                                   {manageable} {command line}
    ccstr HeapDumpPath                             = c:\Users\theab\AppData\Roaming\Code\User\workspaceStorage\cc3b7c361b40eb0a62fb27a00c96c1aa\redhat.java         {manageable} {command line}
   size_t InitialHeapSize                          = 104857600                                 {product} {command line}
   size_t MaxHeapSize                              = 2147483648                                {product} {command line}
   size_t MaxNewSize                               = 715653120                                 {product} {ergonomic}
   size_t MinHeapDeltaBytes                        = 524288                                    {product} {ergonomic}
   size_t MinHeapSize                              = 104857600                                 {product} {command line}
   size_t NewSize                                  = 34603008                                  {product} {ergonomic}
    uintx NonNMethodCodeHeapSize                   = 5839372                                {pd product} {ergonomic}
    uintx NonProfiledCodeHeapSize                  = 122909434                              {pd product} {ergonomic}
   size_t OldSize                                  = 70254592                                  {product} {ergonomic}
    uintx ProfiledCodeHeapSize                     = 122909434                              {pd product} {ergonomic}
    uintx ReservedCodeCacheSize                    = 251658240                              {pd product} {ergonomic}
     bool SegmentedCodeCache                       = true                                      {product} {ergonomic}
   size_t SoftMaxHeapSize                          = 2147483648                             {manageable} {ergonomic}
     bool UseCompressedOops                        = true                           {product lp64_product} {ergonomic}
     bool UseLargePagesIndividualAllocation        = false                                  {pd product} {ergonomic}
     bool UseParallelGC                            = true                                      {product} {command line}

Logging:
Log output configuration:
 #0: stdout all=off uptime,level,tags foldmultilines=false
 #1: stderr all=off uptime,level,tags foldmultilines=false

Release file:
JAVA_VERSION="21.0.11" 
MODULES="java.base java.compiler java.datatransfer java.xml java.prefs java.desktop java.instrument java.logging java.management java.security.sasl java.naming java.rmi java.management.rmi java.net.http java.scripting java.security.jgss java.transaction.xa java.sql java.sql.rowset java.xml.crypto java.se java.smartcardio jdk.accessibility jdk.internal.jvmstat jdk.attach jdk.charsets jdk.internal.opt jdk.zipfs jdk.compiler jdk.crypto.ec jdk.crypto.cryptoki jdk.crypto.mscapi jdk.dynalink jdk.internal.ed jdk.editpad jdk.hotspot.agent jdk.httpserver jdk.internal.le jdk.internal.vm.ci jdk.internal.vm.compiler jdk.internal.vm.compiler.management jdk.jartool jdk.javadoc jdk.jcmd jdk.management jdk.management.agent jdk.jconsole jdk.jdeps jdk.jdwp.agent jdk.jdi jdk.jfr jdk.jshell jdk.jsobject jdk.jstatd jdk.localedata jdk.management.jfr jdk.naming.dns jdk.naming.rmi jdk.net jdk.nio.mapmode jdk.random jdk.sctp jdk.security.auth jdk.security.jgss jdk.unsupported jdk.unsupported.desktop jdk.xml.dom" 

Environment Variables:
PATH=C:\WINDOWS\system32;C:\WINDOWS;C:\WINDOWS\System32\Wbem;C:\WINDOWS\System32\WindowsPowerShell\v1.0\;C:\WINDOWS\System32\OpenSSH\;C:\Program Files\Docker\Docker\resources\bin;C:\Program Files\nodejs\;C:\Program Files\Git\cmd;C:\MinGW\bin;C:\Program Files\Java\jdk-17\bin;C:\Program Files\Go\bin;C:\Program Files\MySQL\MySQL Server 8.0\bin;C:\Program Files\Amazon\AWSCLIV2\;E:\Minikube;C:\Users\theab\AppData\Local\pnpm\bin;C:\Program Files\MySQL\MySQL Shell 8.0\bin\;C:\Users\theab\AppData\Local\pnpm;C:\Users\theab\AppData\Local\Microsoft\WindowsApps;C:\Users\theab\AppData\Local\Programs\Microsoft VS Code\bin;C:\Users\theab\AppData\Local\Python\bin;C:\Users\theab\AppData\Local\GitHubDesktop\bin;C:\Users\theab\AppData\Roaming\npm;C:\Users\theab\AppData\Local\Python\pythoncore-3.14-64\Scripts;C:\Program Files\PostgreSQL\18\bin;C:\Users\theab\.bun\bin;C:\Users\theab\AppData\Local\Programs\Antigravity\bin;C:\Users\theab\go\bin;C:\Users\theab\AppData\Local\Google\Cloud SDK\google-cloud-sdk\bin
USERNAME=theab
OS=Windows_NT
PROCESSOR_IDENTIFIER=Intel64 Family 6 Model 154 Stepping 4, GenuineIntel
TMP=C:\Users\theab\AppData\Local\Temp
TEMP=C:\Users\theab\AppData\Local\Temp




Periodic native trim disabled

---------------  S Y S T E M  ---------------

OS:
 Windows 11 , 64 bit Build 26100 (10.0.26100.8521)
OS uptime: 1 days 1:50 hours
Hyper-V role detected

CPU: total 12 (initial active 12) (6 cores per cpu, 2 threads per core) family 6 model 154 stepping 4 microcode 0x423, cx8, cmov, fxsr, ht, mmx, 3dnowpref, sse, sse2, sse3, ssse3, sse4.1, sse4.2, popcnt, lzcnt, tsc, tscinvbit, avx, avx2, aes, erms, clmul, bmi1, bmi2, adx, sha, fma, vzeroupper, clflush, clflushopt, clwb, hv, serialize, rdtscp, rdpid, fsrm, f16c, cet_ibt, cet_ss
Processor Information for processor 0
  Max Mhz: 1700, Current Mhz: 1700, Mhz Limit: 1700
Processor Information for processor 1
  Max Mhz: 1700, Current Mhz: 1700, Mhz Limit: 1700
Processor Information for processor 2
  Max Mhz: 1700, Current Mhz: 1457, Mhz Limit: 1700
Processor Information for processor 3
  Max Mhz: 1700, Current Mhz: 1700, Mhz Limit: 1700
Processor Information for processor 4
  Max Mhz: 1700, Current Mhz: 1200, Mhz Limit: 1190
Processor Information for processor 5
  Max Mhz: 1700, Current Mhz: 1200, Mhz Limit: 1190
Processor Information for processor 6
  Max Mhz: 1700, Current Mhz: 1200, Mhz Limit: 1190
Processor Information for processor 7
  Max Mhz: 1700, Current Mhz: 1200, Mhz Limit: 1190
Processor Information for processor 8
  Max Mhz: 1700, Current Mhz: 1200, Mhz Limit: 1190
Processor Information for processor 9
  Max Mhz: 1700, Current Mhz: 1200, Mhz Limit: 1190
Processor Information for processor 10
  Max Mhz: 1700, Current Mhz: 1200, Mhz Limit: 1190
Processor Information for processor 11
  Max Mhz: 1700, Current Mhz: 1200, Mhz Limit: 1190

Memory: 4k page, system-wide physical 16092M (733M free)
TotalPageFile size 30422M (AvailPageFile size 318M)
current process WorkingSet (physical memory assigned to process): 1126M, peak: 1131M
current process commit charge ("private bytes"): 1187M, peak: 1193M

vm_info: OpenJDK 64-Bit Server VM (21.0.11+10-LTS) for windows-amd64 JRE (21.0.11+10-LTS), built on 2026-04-21T00:00:00Z by "admin" with MS VC++ 17.12 (VS2022)

END.
